Starting a Gradle Daemon, 3 stopped Daemons could not be reused, use --status for details
Calculating task graph as no cached configuration is available for tasks: :app:testDebugUnitTest :app:clean :app:installDebug

> Configure project :app
WARNING: The option setting 'android.disallowKotlinSourceSets=false' is experimental.
The current default is 'true'.

> Task :app:generateDebugAssets UP-TO-DATE
> Task :app:preBuild UP-TO-DATE
> Task :app:preDebugBuild UP-TO-DATE
> Task :app:preDebugUnitTestBuild UP-TO-DATE
> Task :app:generateDebugResources UP-TO-DATE
> Task :app:extractDeepLinksDebug UP-TO-DATE
> Task :app:mapDebugSourceSetPaths UP-TO-DATE
> Task :app:createDebugCompatibleScreenManifests UP-TO-DATE
> Task :app:javaPreCompileDebug UP-TO-DATE
> Task :app:packageDebugResources UP-TO-DATE
> Task :app:processDebugNavigationResources UP-TO-DATE
> Task :app:compileDebugNavigationResources UP-TO-DATE
> Task :app:checkDebugAarMetadata UP-TO-DATE
> Task :app:parseDebugLocalResources UP-TO-DATE
> Task :app:mergeDebugResources UP-TO-DATE
> Task :app:generateDebugRFile UP-TO-DATE
> Task :app:processDebugMainManifest UP-TO-DATE
> Task :app:processDebugManifest UP-TO-DATE
> Task :app:processDebugManifestForPackage UP-TO-DATE
> Task :app:javaPreCompileDebugUnitTest
> Task :app:processDebugResources UP-TO-DATE
> Task :app:kspDebugKotlin
> Task :app:compileDebugKotlin
> Task :app:compileDebugJavaWithJavac NO-SOURCE
> Task :app:processDebugJavaRes UP-TO-DATE
> Task :app:bundleDebugClassesToCompileJar
> Task :app:bundleDebugClassesToRuntimeJar
> Task :app:kspDebugUnitTestKotlin
> Task :app:compileDebugUnitTestKotlin
> Task :app:compileDebugUnitTestJavaWithJavac NO-SOURCE
> Task :app:processDebugUnitTestJavaRes
> Task :app:testDebugUnitTest
Unable to make progress running work. The following items are queued for execution but none of them can be started:
  - Build ':':
      - Waiting for nodes:
          - :app:clean (state=SHOULD_RUN, dependencies=COMPLETE_AND_SUCCESSFUL, group=task group 1, dependencies=[producer locations for task group 0 (EXECUTED), Resolve mutations for :app:clean (EXECUTED)], has-failed-dependency=false )
          - :app:installDebug (state=SHOULD_RUN, dependencies=NOT_COMPLETE, group=task group 2, dependencies=[:app:packageDebug (SHOULD_RUN), :app:preDebugBuild (EXECUTED)], waiting-for=[:app:packageDebug (SHOULD_RUN)], has-failed-dependency=false )
          - :app:createDebugApkListingFileRedirect (state=SHOULD_RUN, dependencies=NOT_COMPLETE, group=finalizer :app:createDebugApkListingFileRedirect ordinal: task group 2, delegate: default group, dependencies=[destroyer locations for task group 1 (EXECUTED), :app:packageDebug (SHOULD_RUN)], waiting-for=[:app:packageDebug (SHOULD_RUN)], has-failed-dependency=false, finalizes=[:app:packageDebug (SHOULD_RUN)] )
      - Nodes ready to start:
          - :app:clean
          - :app:mergeDebugAssets
          - :app:generateDebugGlobalSynthetics
          - :app:mergeDebugJavaResource
          - :app:checkDebugDuplicateClasses
          - :app:desugarDebugFileDependencies
          - :app:dexBuilderDebug
          - :app:mergeDebugJniLibFolders
          - :app:validateSigningDebug
          - :app:writeDebugAppMetadata
          - :app:writeDebugSigningConfigVersions
      - Reachable nodes:
          - :app:mergeDebugAssets (state=SHOULD_RUN, dependencies=COMPLETE_AND_SUCCESSFUL, group=composite group, entry point: true, ordinal: task group 2, groups: {finalizer :app:createDebugApkListingFileRedirect ordinal: task group 2, delegate: default group}, dependencies=[destroyer locations for task group 1 (EXECUTED), Resolve mutations for :app:mergeDebugAssets (EXECUTED), :app:generateDebugAssets (EXECUTED), :app:preDebugBuild (EXECUTED)], has-failed-dependency=false )
          - :app:compressDebugAssets (state=SHOULD_RUN, dependencies=NOT_COMPLETE, group=composite group, entry point: true, ordinal: task group 2, groups: {finalizer :app:createDebugApkListingFileRedirect ordinal: task group 2, delegate: default group}, dependencies=[destroyer locations for task group 1 (EXECUTED), :app:mergeDebugAssets (SHOULD_RUN), :app:preDebugBuild (EXECUTED)], waiting-for=[:app:mergeDebugAssets (SHOULD_RUN)], has-failed-dependency=false )
          - :app:generateDebugGlobalSynthetics (state=SHOULD_RUN, dependencies=COMPLETE_AND_SUCCESSFUL, group=composite group, entry point: true, ordinal: task group 2, groups: {finalizer :app:createDebugApkListingFileRedirect ordinal: task group 2, delegate: default group}, dependencies=[destroyer locations for task group 1 (EXECUTED), Resolve mutations for :app:generateDebugGlobalSynthetics (EXECUTED), :app:preDebugBuild (EXECUTED)], has-failed-dependency=false )
          - :app:mergeDebugJavaResource (state=SHOULD_RUN, dependencies=COMPLETE_AND_SUCCESSFUL, group=composite group, entry point: true, ordinal: task group 2, groups: {finalizer :app:createDebugApkListingFileRedirect ordinal: task group 2, delegate: default group}, dependencies=[destroyer locations for task group 1 (EXECUTED), Resolve mutations for :app:mergeDebugJavaResource (EXECUTED), :app:preDebugBuild (EXECUTED), :app:processDebugJavaRes (EXECUTED)], has-failed-dependency=false )
          - :app:checkDebugDuplicateClasses (state=SHOULD_RUN, dependencies=COMPLETE_AND_SUCCESSFUL, group=composite group, entry point: true, ordinal: task group 2, groups: {finalizer :app:createDebugApkListingFileRedirect ordinal: task group 2, delegate: default group}, dependencies=[destroyer locations for task group 1 (EXECUTED), Resolve mutations for :app:checkDebugDuplicateClasses (EXECUTED), :app:preDebugBuild (EXECUTED)], has-failed-dependency=false )
          - :app:desugarDebugFileDependencies (state=SHOULD_RUN, dependencies=COMPLETE_AND_SUCCESSFUL, group=composite group, entry point: true, ordinal: task group 2, groups: {finalizer :app:createDebugApkListingFileRedirect ordinal: task group 2, delegate: default group}, dependencies=[destroyer locations for task group 1 (EXECUTED), Resolve mutations for :app:desugarDebugFileDependencies (EXECUTED), :app:preDebugBuild (EXECUTED)], has-failed-dependency=false )
          - :app:mergeExtDexDebug (state=SHOULD_RUN, dependencies=NOT_COMPLETE, group=composite group, entry point: true, ordinal: task group 2, groups: {finalizer :app:createDebugApkListingFileRedirect ordinal: task group 2, delegate: default group}, dependencies=[destroyer locations for task group 1 (EXECUTED), :app:checkDebugDuplicateClasses (SHOULD_RUN), :app:desugarDebugFileDependencies (SHOULD_RUN), :app:preDebugBuild (EXECUTED)], waiting-for=[:app:checkDebugDuplicateClasses (SHOULD_RUN), :app:desugarDebugFileDependencies (SHOULD_RUN)], has-failed-dependency=false )
          - :app:mergeLibDexDebug (state=SHOULD_RUN, dependencies=NOT_COMPLETE, group=composite group, entry point: true, ordinal: task group 2, groups: {finalizer :app:createDebugApkListingFileRedirect ordinal: task group 2, delegate: default group}, dependencies=[destroyer locations for task group 1 (EXECUTED), :app:checkDebugDuplicateClasses (SHOULD_RUN), :app:preDebugBuild (EXECUTED)], waiting-for=[:app:checkDebugDuplicateClasses (SHOULD_RUN)], has-failed-dependency=false )
          - :app:dexBuilderDebug (state=SHOULD_RUN, dependencies=COMPLETE_AND_SUCCESSFUL, group=composite group, entry point: true, ordinal: task group 2, groups: {finalizer :app:createDebugApkListingFileRedirect ordinal: task group 2, delegate: default group}, dependencies=[destroyer locations for task group 1 (EXECUTED), Resolve mutations for :app:dexBuilderDebug (EXECUTED), :app:compileDebugJavaWithJavac (EXECUTED), :app:compileDebugKotlin (EXECUTED), :app:preDebugBuild (EXECUTED), :app:processDebugResources (EXECUTED)], has-failed-dependency=false )
          - :app:mergeProjectDexDebug (state=SHOULD_RUN, dependencies=NOT_COMPLETE, group=composite group, entry point: true, ordinal: task group 2, groups: {finalizer :app:createDebugApkListingFileRedirect ordinal: task group 2, delegate: default group}, dependencies=[destroyer locations for task group 1 (EXECUTED), :app:checkDebugDuplicateClasses (SHOULD_RUN), :app:dexBuilderDebug (SHOULD_RUN), :app:preDebugBuild (EXECUTED)], waiting-for=[:app:checkDebugDuplicateClasses (SHOULD_RUN), :app:dexBuilderDebug (SHOULD_RUN)], has-failed-dependency=false )
          - :app:mergeDebugJniLibFolders (state=SHOULD_RUN, dependencies=COMPLETE_AND_SUCCESSFUL, group=composite group, entry point: true, ordinal: task group 2, groups: {finalizer :app:createDebugApkListingFileRedirect ordinal: task group 2, delegate: default group}, dependencies=[destroyer locations for task group 1 (EXECUTED), Resolve mutations for :app:mergeDebugJniLibFolders (EXECUTED), :app:preDebugBuild (EXECUTED)], has-failed-dependency=false )
          - :app:mergeDebugNativeLibs (state=SHOULD_RUN, dependencies=NOT_COMPLETE, group=composite group, entry point: true, ordinal: task group 2, groups: {finalizer :app:createDebugApkListingFileRedirect ordinal: task group 2, delegate: default group}, dependencies=[destroyer locations for task group 1 (EXECUTED), :app:mergeDebugJniLibFolders (SHOULD_RUN), :app:preDebugBuild (EXECUTED)], waiting-for=[:app:mergeDebugJniLibFolders (SHOULD_RUN)], has-failed-dependency=false )
          - :app:stripDebugDebugSymbols (state=SHOULD_RUN, dependencies=NOT_COMPLETE, group=composite group, entry point: true, ordinal: task group 2, groups: {finalizer :app:createDebugApkListingFileRedirect ordinal: task group 2, delegate: default group}, dependencies=[destroyer locations for task group 1 (EXECUTED), :app:mergeDebugNativeLibs (SHOULD_RUN), :app:preDebugBuild (EXECUTED)], waiting-for=[:app:mergeDebugNativeLibs (SHOULD_RUN)], has-failed-dependency=false )
          - :app:validateSigningDebug (state=SHOULD_RUN, dependencies=COMPLETE_AND_SUCCESSFUL, group=composite group, entry point: true, ordinal: task group 2, groups: {finalizer :app:createDebugApkListingFileRedirect ordinal: task group 2, delegate: default group}, dependencies=[destroyer locations for task group 1 (EXECUTED), Resolve mutations for :app:validateSigningDebug (EXECUTED), :app:preDebugBuild (EXECUTED)], has-failed-dependency=false )
          - :app:writeDebugAppMetadata (state=SHOULD_RUN, dependencies=COMPLETE_AND_SUCCESSFUL, group=composite group, entry point: true, ordinal: task group 2, groups: {finalizer :app:createDebugApkListingFileRedirect ordinal: task group 2, delegate: default group}, dependencies=[destroyer locations for task group 1 (EXECUTED), Resolve mutations for :app:writeDebugAppMetadata (EXECUTED), :app:preDebugBuild (EXECUTED)], has-failed-dependency=false )
          - :app:writeDebugSigningConfigVersions (state=SHOULD_RUN, dependencies=COMPLETE_AND_SUCCESSFUL, group=composite group, entry point: true, ordinal: task group 2, groups: {finalizer :app:createDebugApkListingFileRedirect ordinal: task group 2, delegate: default group}, dependencies=[destroyer locations for task group 1 (EXECUTED), Resolve mutations for :app:writeDebugSigningConfigVersions (EXECUTED), :app:preDebugBuild (EXECUTED)], has-failed-dependency=false )
          - :app:packageDebug (state=SHOULD_RUN, dependencies=NOT_COMPLETE, group=composite group, entry point: true, ordinal: task group 2, groups: {finalizer :app:createDebugApkListingFileRedirect ordinal: task group 2, delegate: default group}, dependencies=[destroyer locations for task group 1 (EXECUTED), :app:compileDebugJavaWithJavac (EXECUTED), :app:compressDebugAssets (SHOULD_RUN), :app:generateDebugGlobalSynthetics (SHOULD_RUN), :app:generateDebugRFile (EXECUTED), :app:mergeDebugAssets (SHOULD_RUN), :app:mergeDebugJavaResource (SHOULD_RUN), :app:mergeExtDexDebug (SHOULD_RUN), :app:mergeLibDexDebug (SHOULD_RUN), :app:mergeProjectDexDebug (SHOULD_RUN), :app:preDebugBuild (EXECUTED), :app:processDebugManifestForPackage (EXECUTED), :app:processDebugResources (EXECUTED), :app:stripDebugDebugSymbols (SHOULD_RUN), :app:validateSigningDebug (SHOULD_RUN), :app:writeDebugAppMetadata (SHOULD_RUN), :app:writeDebugSigningConfigVersions (SHOULD_RUN)], waiting-for=[:app:writeDebugSigningConfigVersions (SHOULD_RUN), :app:mergeDebugJavaResource (SHOULD_RUN), :app:writeDebugAppMetadata (SHOULD_RUN), :app:mergeProjectDexDebug (SHOULD_RUN), :app:mergeDebugAssets (SHOULD_RUN), :app:generateDebugGlobalSynthetics (SHOULD_RUN), :app:mergeExtDexDebug (SHOULD_RUN), :app:validateSigningDebug (SHOULD_RUN), :app:stripDebugDebugSymbols (SHOULD_RUN), :app:compressDebugAssets (SHOULD_RUN), :app:mergeLibDexDebug (SHOULD_RUN)], has-failed-dependency=false )
      - Scheduling events:
          - node added to plan: producer locations for task group 0, when: scheduled, state: SHOULD_RUN, dependencies: 28, is ready node? false
          - node added to plan: destroyer locations for task group 0, when: scheduled, state: SHOULD_RUN, dependencies: 0, is ready node? true
          - node added to plan: destroyer locations for task group 1, when: scheduled, state: SHOULD_RUN, dependencies: 2, is ready node? false
      - Ordinal groups:
          - group 0 entry nodes: []
          - group 1 entry nodes: []
          - group 2 entry nodes: []
  - Workers waiting for work: 20
  - Stopped workers: 0
gradlew.bat : 
At line:1 char:104
+ ... | Out-Null; & "c:\Users\amangupta\Documents\amang NSS space\gh\workou ...
+                 ~~~~~~~~~~~~~~~~~~~~~~~~~~~~~~~~~~~~~~~~~~~~~~~~~~~~~~~~~
    + CategoryInfo          : NotSpecified: (:String) [], RemoteException
    + FullyQualifiedErrorId : NativeCommandError
 
FAILURE: Build failed with an exception.

* What went wrong:
Unable to make progress running work. There are items queued for execution but 
none of them can be started

* Try:
> Run with --stacktrace option to get the stack trace.
> Run with --info or --debug option to get more log output.
> Run with --scan to get full insights from a Build Scan (powered by 
Develocity).
> Get more help at https://help.gradle.org.

BUILD FAILED in 1m 17s
26 actionable tasks: 9 executed, 17 up-to-date
Configuration cache entry stored.
